DELETE /admin/automation/tokens/{id}
DELETE /automation/users/{id}
DELETE /docker-apps/{id}
GET /admin/automation/tokens
GET /automation/applications
GET /automation/capabilities
GET /automation/domains
GET /automation/mail/autoresponders
GET /automation/mail/domain-forwarders
GET /automation/mail/domains
GET /automation/mail/forwarders
GET /automation/mail/groups
GET /automation/mail/mailboxes
GET /automation/mail/summary
GET /automation/operations/{id}
GET /automation/packages
GET /automation/server-status
GET /automation/status
GET /automation/usage
GET /automation/users
GET /automation/users/{id}/usage
GET /docker-apps
GET /docker-apps/catalog
GET /docker-apps/catalog/{slug}/icon
GET /docker-apps/usage
GET /docker-apps/{id}
GET /docker-apps/{id}/env
GET /docker-apps/{id}/logs
POST /admin/automation/tokens
POST /automation/backups
POST /automation/cache/purge
POST /automation/domains/{id}/suspend
POST /automation/domains/{id}/unsuspend
POST /automation/services/{name}/restart
POST /automation/users
POST /automation/users/{id}/disable
POST /automation/users/{id}/enable
POST /automation/users/{id}/login-token
POST /automation/users/{id}/password
POST /docker-apps
POST /docker-apps/{id}/restart
POST /docker-apps/{id}/start
POST /docker-apps/{id}/stop
POST /sso/adminer
POST /sso/phpmyadmin
PUT /automation/users/{id}/package
