DELETE /admin/backup-destinations/{id}
DELETE /admin/backup-schedules/{id}
DELETE /admin/backups/{job_id}
DELETE /admin/docker-apps/{id}
DELETE /admin/impersonation/{id}
DELETE /admin/ips/{id}
DELETE /admin/mail/queue/{id}
DELETE /admin/mail/throttles/{id}
DELETE /admin/migrations/batches/{id}
DELETE /admin/migrations/{id}
DELETE /admin/notifications/channels/{id}
DELETE /admin/notifications/dlq
DELETE /admin/notifications/dlq/{id}
DELETE /admin/php/versions/{version}
DELETE /admin/security/crowdsec/allowlists
DELETE /admin/security/crowdsec/decisions
DELETE /admin/security/crowdsec/decisions/{id}
DELETE /admin/security/crowdsec/hub
DELETE /admin/security/malware/quarantine/{id}
DELETE /admin/security/malware/yara/{filename}
DELETE /admin/security/ufw/rules/{num}
DELETE /admin/sessions/{id}
DELETE /admin/settings/account-skeleton/file
DELETE /admin/settings/branding/logo/{variant}
DELETE /admin/updates/apt
DELETE /admin/updates/jabali
DELETE /admin/updates/repair
DELETE /applications/{id}
DELETE /cron/{id}
DELETE /database-user-grants/{id}
DELETE /database-users/{id}
DELETE /databases/{id}
DELETE /dns/records/{recordId}
DELETE /domains/{id}/acls/{acl_id}
DELETE /domains/{id}/catchall
DELETE /domains/{id}/directory-privacy/{rule_id}
DELETE /domains/{id}/directory-privacy/{rule_id}/credentials/{cred_id}
DELETE /domains/{id}/disclaimer
DELETE /domains/{id}/email
DELETE /domains/{id}/php-pool
DELETE /domains/{id}/ssl
DELETE /files
DELETE /forwarders/{id}
DELETE /logs/access/{stream_key}
DELETE /mailboxes/{mbid}
DELETE /mailboxes/{mbid}/autoresponder
DELETE /mailboxes/{mbid}/send-as/{grantorId}
DELETE /mailboxes/{mbid}/shares/{shareId}
DELETE /mailgroups/{gid}
DELETE /mailgroups/{gid}/members/{mbid}
DELETE /me/backups/{id}
DELETE /notifications/inbox
DELETE /notifications/webpush/subscribe
DELETE /packages/{id}
DELETE /php-pools/{id}
DELETE /php-pools/{id}/ini-overrides/{override_id}
DELETE /python-apps/{id}
DELETE /shared-resources/{rid}
DELETE /ssh-keys/{id}
DELETE /system/nspawn-images/build
DELETE /users/{id}
DELETE /users/{id}/limit-overrides
GET /admin/active-tasks
GET /admin/audit
GET /admin/backup-destinations
GET /admin/backup-destinations/{id}
GET /admin/backup-encryption-key
GET /admin/backup-runs
GET /admin/backup-runs/{run_id}/jobs
GET /admin/backup-schedules
GET /admin/backup-schedules/{id}
GET /admin/backups
GET /admin/backups/{job_id}
GET /admin/backups/{job_id}/download
GET /admin/backups/{job_id}/logs
GET /admin/backups/{job_id}/status
GET /admin/cache/doctor-runs
GET /admin/cache/doctor-runs/{id}
GET /admin/cache/overview
GET /admin/counts
GET /admin/cron
GET /admin/databases/config
GET /admin/databases/maintenance/{id}
GET /admin/databases/postgres/status
GET /admin/databases/processes
GET /admin/docker-apps
GET /admin/docker-apps/catalog
GET /admin/docker-apps/catalog/{slug}/icon
GET /admin/docker-apps/engine/status
GET /admin/docker-apps/maintenance/disk-usage
GET /admin/docker-apps/{id}
GET /admin/docker-apps/{id}/backups
GET /admin/docker-apps/{id}/env
GET /admin/docker-apps/{id}/logs
GET /admin/impersonation
GET /admin/ips
GET /admin/mail/deliverability
GET /admin/mail/queue
GET /admin/mail/throttles
GET /admin/mailboxes
GET /admin/mailgroups
GET /admin/migrations
GET /admin/migrations/discover-accounts/{host}/{user}/size
GET /admin/migrations/{id}
GET /admin/migrations/{id}/account-size/{user}
GET /admin/migrations/{id}/discover-accounts
GET /admin/migrations/{id}/stages
GET /admin/migrations/{id}/stream
GET /admin/migrations/{id}/tarball
GET /admin/notifications/channels
GET /admin/notifications/dlq
GET /admin/panel-certificate
GET /admin/php/versions/status
GET /admin/php/versions/{version}/extensions
GET /admin/security/aide/report
GET /admin/security/aide/status
GET /admin/security/apparmor/status
GET /admin/security/crowdsec/alerts
GET /admin/security/crowdsec/alerts/timeseries
GET /admin/security/crowdsec/alerts/top-sources
GET /admin/security/crowdsec/alerts/{id}
GET /admin/security/crowdsec/allowlists
GET /admin/security/crowdsec/appsec/geoblock
GET /admin/security/crowdsec/blocklists
GET /admin/security/crowdsec/bouncers
GET /admin/security/crowdsec/captcha
GET /admin/security/crowdsec/decisions
GET /admin/security/crowdsec/hub
GET /admin/security/crowdsec/metrics
GET /admin/security/crowdsec/profiles
GET /admin/security/crowdsec/status
GET /admin/security/malware/audit/recent
GET /admin/security/malware/events
GET /admin/security/malware/quarantine
GET /admin/security/malware/scan/users
GET /admin/security/malware/scan/{id}/status
GET /admin/security/malware/settings
GET /admin/security/malware/status
GET /admin/security/malware/yara
GET /admin/security/snuffleupagus/incidents
GET /admin/security/snuffleupagus/rules
GET /admin/security/snuffleupagus/status
GET /admin/security/ufw/status
GET /admin/server-status
GET /admin/sessions
GET /admin/settings/account-skeleton
GET /admin/settings/account-skeleton/file
GET /admin/settings/email
GET /admin/settings/modules/status
GET /admin/settings/notification-events
GET /admin/settings/page-templates
GET /admin/settings/page-templates/{key}
GET /admin/settings/python-runtime
GET /admin/speedtest/download
GET /admin/speedtest/ping
GET /admin/ssl-certificates
GET /admin/system/backups
GET /admin/system/backups/{job_id}/logs
GET /admin/system/ssh-keys
GET /admin/terminal/ws/{token}
GET /admin/updates/apt/check
GET /admin/updates/apt/status
GET /admin/updates/autoupdate
GET /admin/updates/history
GET /admin/updates/jabali/check
GET /admin/updates/jabali/status
GET /admin/updates/repair/domain/orphans
GET /admin/updates/repair/status
GET /admin/updates/state
GET /admin/users/{id}/backups
GET /admin/users/{id}/slice-status
GET /applications/cache-profiles
GET /applications/registry
GET /applications/{id}
GET /applications/{id}/cache-health
GET /applications/{id}/cache-settings
GET /applications/{id}/cache-stats
GET /applications/{id}/cache-warmup
GET /branding
GET /branding/logo/{variant}
GET /cron
GET /cron/{id}
GET /cron/{id}/log
GET /database-users
GET /databases/{id}
GET /databases/{id}/backup
GET /dns/policy
GET /domains/{id}/acls
GET /domains/{id}/autoresponders
GET /domains/{id}/bandwidth
GET /domains/{id}/browse
GET /domains/{id}/cache
GET /domains/{id}/catchall
GET /domains/{id}/directory-privacy
GET /domains/{id}/directory-privacy/{rule_id}/credentials
GET /domains/{id}/disclaimer
GET /domains/{id}/dns/system-records
GET /domains/{id}/dns/zone
GET /domains/{id}/dnssec
GET /domains/{id}/dnssec/ds
GET /domains/{id}/email
GET /domains/{id}/mail-certificate
GET /domains/{id}/mailbox-group-memberships
GET /domains/{id}/mailgroups
GET /domains/{id}/mta-sts
GET /domains/{id}/php-settings
GET /domains/{id}/shared-resources
GET /domains/{id}/skip-auto-san
GET /domains/{id}/ssl
GET /domains/{id}/whois
GET /files
GET /files/download
GET /files/home
GET /files/preview
GET /files/tree
GET /files/upload-chunk-status
GET /internal/agent/managed-ips
GET /logs/stream/{stream_key}
GET /logs/stream/{stream_key}/goaccess.html
GET /logs/types
GET /mail/forwarders
GET /mail/forwarders/domain-scoped
GET /mail/logs
GET /mail/logs/detail
GET /mail/shares
GET /mailboxes/{mbid}
GET /mailboxes/{mbid}/autoresponder
GET /mailboxes/{mbid}/send-as
GET /mailboxes/{mbid}/shares
GET /mailgroups/{gid}
GET /me
GET /me/activity
GET /me/backups/{id}/download
GET /me/backups/{id}/manifest
GET /me/disk-usage
GET /me/disk-usage/files
GET /me/php-cli-version
GET /me/php-fpm-policy
GET /me/server-capabilities
GET /me/ssh-connection
GET /me/ui-prefs
GET /migrations/{id}
GET /notifications/inbox
GET /notifications/webpush/vapid-public-key
GET /packages
GET /packages/{id}
GET /php-performance-modes
GET /php-pools
GET /php-pools/{id}
GET /php-pools/{id}/ini-overrides
GET /php/versions
GET /python-apps
GET /python-apps/versions
GET /python-apps/{id}
GET /python-apps/{id}/logs
GET /shared-resources/{rid}
GET /ssh-keys
GET /ssl-certificates
GET /system/info
GET /system/nspawn-images
GET /system/nspawn-images/build/status
GET /system/resolvers
GET /system/services
GET /user/ips
GET /users
GET /users/{id}
GET /users/{id}/usage
PATCH /admin/backup-destinations/{id}
PATCH /admin/backup-schedules/{id}
PATCH /admin/docker-apps/{id}
PATCH /admin/ips/{id}
PATCH /admin/migrations/{id}
PATCH /admin/notifications/channels/{id}
PATCH /admin/security/malware/yara/{filename}
PATCH /admin/settings/notification-events/{kind}
PATCH /admin/settings/page-templates/{key}
PATCH /cron/{id}
PATCH /database-user-grants/{id}
PATCH /dns/records/{recordId}
PATCH /domains/{id}/dns/zone
PATCH /domains/{id}/php-settings
PATCH /internal/agent/managed-ips/{id}
PATCH /mailboxes/{mbid}
PATCH /mailgroups/{gid}
PATCH /packages/{id}
PATCH /php-pools/{id}
PATCH /shared-resources/{rid}
PATCH /users/{id}
POST /admin/audit/prune
POST /admin/audit/verify
POST /admin/backup-destinations
POST /admin/backup-destinations/{id}/rotate-password
POST /admin/backup-destinations/{id}/test
POST /admin/backup-schedules
POST /admin/backup-schedules/{id}/run-now
POST /admin/backups/restore
POST /admin/backups/{job_id}/cancel
POST /admin/cache/doctor-runs
POST /admin/databases/maintenance
POST /admin/databases/postgres/uninstall
POST /admin/databases/processes/kill
POST /admin/databases/root-password
POST /admin/databases/sso/adminer
POST /admin/databases/sso/phpmyadmin
POST /admin/docker-apps
POST /admin/docker-apps/maintenance/prune
POST /admin/docker-apps/{id}/backup
POST /admin/docker-apps/{id}/backups/{bid}/restore
POST /admin/docker-apps/{id}/env/regenerate
POST /admin/docker-apps/{id}/exec
POST /admin/docker-apps/{id}/rebuild
POST /admin/docker-apps/{id}/restart
POST /admin/docker-apps/{id}/start
POST /admin/docker-apps/{id}/stop
POST /admin/docker-apps/{id}/update
POST /admin/impersonation
POST /admin/ips
POST /admin/mail/queue/{id}/retry
POST /admin/mail/throttles
POST /admin/migrations
POST /admin/migrations/bulk
POST /admin/migrations/imap
POST /admin/migrations/imap/probe
POST /admin/migrations/refresh
POST /admin/migrations/{id}/describe-account
POST /admin/migrations/{id}/destroy
POST /admin/migrations/{id}/import
POST /admin/migrations/{id}/import-wp
POST /admin/migrations/{id}/pull-source
POST /admin/migrations/{id}/retry
POST /admin/migrations/{id}/secrets
POST /admin/migrations/{id}/submit
POST /admin/migrations/{id}/tarball
POST /admin/migrations/{id}/test-connection
POST /admin/notifications/broadcast
POST /admin/notifications/channels
POST /admin/notifications/channels/{id}/test
POST /admin/notifications/dlq/replay-all
POST /admin/notifications/dlq/{id}/replay
POST /admin/panel-certificate/issue
POST /admin/panel-certificate/toggle
POST /admin/php/versions/{version}/default
POST /admin/php/versions/{version}/extensions/{ext}/apply
POST /admin/php/versions/{version}/install
POST /admin/php/versions/{version}/reload
POST /admin/processes/{pid}/kill
POST /admin/reconcile
POST /admin/reconcile/php-pools
POST /admin/security/aide/check
POST /admin/security/aide/rebuild
POST /admin/security/apparmor/profiles/{name}/mode
POST /admin/security/crowdsec/allowlists
POST /admin/security/crowdsec/blocklists/refresh
POST /admin/security/crowdsec/decisions
POST /admin/security/crowdsec/hub/install
POST /admin/security/malware/event
POST /admin/security/malware/quarantine/{id}/restore
POST /admin/security/malware/scan
POST /admin/security/malware/update-signatures
POST /admin/security/malware/yara
POST /admin/security/snuffleupagus/mode
POST /admin/security/snuffleupagus/rules/{name}/toggle
POST /admin/security/trust/test
POST /admin/security/ufw/disable
POST /admin/security/ufw/enable
POST /admin/security/ufw/rules
POST /admin/services/{name}/{action}
POST /admin/settings/branding/logo/{variant}
POST /admin/settings/modules/install
POST /admin/settings/page-templates/{key}/reset
POST /admin/settings/stalwart-admin-credential
POST /admin/speedtest/upload
POST /admin/sso/prune-tokens
POST /admin/support/diagnostic
POST /admin/system/backups
POST /admin/system/backups/{job_id}/cancel
POST /admin/system/ssh-keys
POST /admin/terminal/session
POST /admin/updates/apt/run
POST /admin/updates/jabali/run
POST /admin/updates/repair/diagnose
POST /admin/updates/repair/domain/fix-perms
POST /admin/updates/repair/domain/orphans/prune
POST /admin/updates/repair/run
POST /admin/users/{id}/2fa/reset
POST /admin/users/{id}/backups
POST /admin/users/{id}/password/reset
POST /admin/users/{id}/suspend
POST /admin/users/{id}/unsuspend
POST /applications/scan
POST /applications/{id}/cache-advise
POST /applications/{id}/cache-warmup
POST /applications/{id}/clone
POST /applications/{id}/magic-link
POST /cron
POST /cron/{id}/run-now
POST /database-users
POST /database-users/{id}/grants
POST /database-users/{id}/rotate-password
POST /databases/{id}/restore
POST /domains/{id}/acls
POST /domains/{id}/cache/purge
POST /domains/{id}/directory-privacy
POST /domains/{id}/directory-privacy/{rule_id}/credentials
POST /domains/{id}/email
POST /domains/{id}/email/dkim-rotate
POST /domains/{id}/htaccess/preview
POST /domains/{id}/mail-certificate/disable
POST /domains/{id}/mail-certificate/enable
POST /domains/{id}/mail-certificate/reissue
POST /domains/{id}/mailgroups
POST /domains/{id}/php-pool
POST /domains/{id}/shared-resources
POST /domains/{id}/ssl
POST /domains/{id}/ssl/renew
POST /domains/{id}/ssl/retry
POST /files/archive
POST /files/chmod
POST /files/copy
POST /files/extract
POST /files/mkdir
POST /files/move
POST /files/rename
POST /files/upload
POST /files/upload-chunk
POST /files/write
POST /internal/notifications/enqueue
POST /logs/access
POST /mailboxes/{mbid}/forwarders
POST /mailboxes/{mbid}/rotate-password
POST /mailboxes/{mbid}/send-as
POST /mailboxes/{mbid}/shares
POST /mailboxes/{mbid}/sso
POST /mailgroups/{gid}/members/{mbid}
POST /me/disk-usage/refresh
POST /migrations/wordpress
POST /migrations/{id}/import-wp
POST /migrations/{id}/pull-source
POST /migrations/{id}/scan-wp
POST /migrations/{id}/secrets
POST /migrations/{id}/source-path
POST /migrations/{id}/verify
POST /notifications/inbox/read-all
POST /notifications/inbox/{id}/read
POST /notifications/webpush/subscribe
POST /packages
POST /php-pools
POST /php-pools/{id}/ini-overrides
POST /python-apps
POST /python-apps/{id}/control
POST /ssh-keys
POST /system/nspawn-images/build
POST /system/nspawn-images/prune
POST /system/services/{name}/disable
POST /system/services/{name}/enable
POST /system/services/{name}/restart
POST /system/services/{name}/start
POST /system/services/{name}/stop
POST /users
POST /users/{id}/reprovision
PUT /admin/databases/config
PUT /admin/docker-apps/{id}/env
PUT /admin/mail/throttles/{id}
PUT /admin/migrations/{id}/plan
PUT /admin/security/crowdsec/appsec/geoblock
PUT /admin/security/crowdsec/captcha
PUT /admin/security/crowdsec/profiles
PUT /admin/security/malware/settings
PUT /admin/security/ufw/default
PUT /admin/settings/account-skeleton/file
PUT /admin/updates/autoupdate
PUT /applications/{id}/cache
PUT /applications/{id}/cache-settings
PUT /domains/{id}/cache
PUT /domains/{id}/catchall
PUT /domains/{id}/directory-privacy/{rule_id}
PUT /domains/{id}/disclaimer
PUT /domains/{id}/dnssec
PUT /domains/{id}/mta-sts
PUT /domains/{id}/skip-auto-san
PUT /domains/{id}/ssl/custom
PUT /mailboxes/{mbid}/autoresponder
PUT /mailgroups/{gid}/members
PUT /me/php-cli-version
PUT /me/php-performance-mode
PUT /me/php-pool-tuning
PUT /me/ui-prefs/{key}
PUT /php-performance-modes/{mode}
PUT /php-pools/{id}
PUT /php-pools/{id}/ini-overrides/{override_id}
PUT /python-apps/{id}/env
PUT /shared-resources/{rid}/grants
PUT /system/resolvers
PUT /users/{id}/limit-overrides
